Dimer[         0] ->        0       1
Dimer[         1] ->        0       2
Dimer[         2] ->        1       2
Dimer[         3] ->        3       4
