Energies without gradients:
system[....0]=     4.1433308471e+00    kcal/mol
Energies with gradients:
system[....0]=     4.1433308471e+00    kcal/mol

Atom             GradientX           GradientY           GradientZ
O        -1.3929247746e+01    7.5943042462e-01    4.0367987676e+00
H        -1.4284099156e+00   -7.4429567438e-01   -8.6462641967e-01
H        -1.0076155236e+00    1.5166996569e+00    1.6199828714e-01
O        -3.3326236743e+00    1.4006611429e+00   -1.7187789928e+00
H         1.8849147431e+01   -1.7012555772e+00   -3.9791383391e+00
H         8.4874942820e-01   -1.2312399728e+00    2.3637466969e+00
