system[.........0] e1b(nopbc)=    1.677857e+00  e1b(pbc)=    1.677857e+00    kcal/mol
system[.........0] e2b(nopbc)=    0.000000e+00  e2b(pbc)=    0.000000e+00    kcal/mol
system[.........0] e3b(nopbc)=    0.000000e+00  e3b(pbc)=    0.000000e+00    kcal/mol

system[.........1] e1b(nopbc)=    2.069254e+00  e1b(pbc)=    2.069254e+00    kcal/mol
system[.........1] e2b(nopbc)=    5.362417e-01  e2b(pbc)=    5.362417e-01    kcal/mol
system[.........1] e3b(nopbc)=    0.000000e+00  e3b(pbc)=    0.000000e+00    kcal/mol

system[.........2] e1b(nopbc)=    2.460651e+00  e1b(pbc)=    2.460651e+00    kcal/mol
system[.........2] e2b(nopbc)=    1.716837e+00  e2b(pbc)=    1.716837e+00    kcal/mol
system[.........2] e3b(nopbc)=    2.211225e-01  e3b(pbc)=    2.211225e-01    kcal/mol

system[.........3] e1b(nopbc)=    2.460651e+00  e1b(pbc)=    2.460651e+00    kcal/mol
system[.........3] e2b(nopbc)=    4.871826e+00  e2b(pbc)=    4.871826e+00    kcal/mol
system[.........3] e3b(nopbc)=    2.211225e-01  e3b(pbc)=    2.211225e-01    kcal/mol

system[.........4] e1b(nopbc)=    9.435641e-01  e1b(pbc)=    9.435641e-01    kcal/mol
system[.........4] e2b(nopbc)=    2.042973e+01  e2b(pbc)=    2.042973e+01    kcal/mol
system[.........4] e3b(nopbc)=   -2.158444e-02  e3b(pbc)=   -2.158444e-02    kcal/mol

system[.........5] e1b(nopbc)=    1.075945e+00  e1b(pbc)=    1.075945e+00    kcal/mol
system[.........5] e2b(nopbc)=    1.032743e+01  e2b(pbc)=    1.032743e+01    kcal/mol
system[.........5] e3b(nopbc)=   -3.274504e-01  e3b(pbc)=   -3.274504e-01    kcal/mol

system[.........6] e1b(nopbc)=    1.147357e+00  e1b(pbc)=    1.147357e+00    kcal/mol
system[.........6] e2b(nopbc)=    1.295413e+01  e2b(pbc)=    1.295413e+01    kcal/mol
system[.........6] e3b(nopbc)=    0.000000e+00  e3b(pbc)=    0.000000e+00    kcal/mol

system[.........7] e1b(nopbc)=    1.120987e+00  e1b(pbc)=    1.120987e+00    kcal/mol
system[.........7] e2b(nopbc)=    2.293930e+01  e2b(pbc)=    2.293930e+01    kcal/mol
system[.........7] e3b(nopbc)=    8.771741e-01  e3b(pbc)=    8.771741e-01    kcal/mol

system[.........8] e1b(nopbc)=    2.062706e-01  e1b(pbc)=    2.062706e-01    kcal/mol
system[.........8] e2b(nopbc)=    7.018067e+00  e2b(pbc)=    7.018067e+00    kcal/mol
system[.........8] e3b(nopbc)=    0.000000e+00  e3b(pbc)=    0.000000e+00    kcal/mol

system[.........9] e1b(nopbc)=    2.358216e-01  e1b(pbc)=    2.358216e-01    kcal/mol
system[.........9] e2b(nopbc)=    1.312984e+01  e2b(pbc)=    1.312984e+01    kcal/mol
system[.........9] e3b(nopbc)=    2.854534e-04  e3b(pbc)=    2.854534e-04    kcal/mol

system[........10] e1b(nopbc)=    1.042309e-01  e1b(pbc)=    1.042309e-01    kcal/mol
system[........10] e2b(nopbc)=    8.483600e+00  e2b(pbc)=    8.483600e+00    kcal/mol
system[........10] e3b(nopbc)=    1.115980e-01  e3b(pbc)=    1.115980e-01    kcal/mol

system[........11] e1b(nopbc)=    2.076022e-02  e1b(pbc)=    2.076022e-02    kcal/mol
system[........11] e2b(nopbc)=    1.066894e+01  e2b(pbc)=    1.066894e+01    kcal/mol
system[........11] e3b(nopbc)=    0.000000e+00  e3b(pbc)=    0.000000e+00    kcal/mol


  No cutoff dispersion energy:

  -5.071713e-04  -4.955629e-04  -4.842635e-04  -4.732639e-04  -4.625550e-04
  -4.521281e-04  -4.419746e-04  -4.320864e-04  -4.224556e-04  -4.130745e-04
  -4.039359e-04  -3.950324e-04  -3.863574e-04  -3.779039e-04  -3.696657e-04
  -3.616365e-04  -3.538102e-04  -3.461809e-04  -3.387431e-04  -3.314913e-04
  -3.244200e-04  -3.175243e-04  -3.107992e-04  -3.042398e-04  -2.978415e-04
  -2.915997e-04  -2.855102e-04  -2.795687e-04  -2.737710e-04  -2.681132e-04
  -2.625916e-04  -2.572022e-04  -2.519416e-04  -2.468061e-04  -2.417925e-04
  -2.368974e-04  -2.321176e-04  -2.274501e-04  -2.228918e-04  -2.184398e-04
  -2.140913e-04  -2.098435e-04  -2.056938e-04  -2.016396e-04  -1.976784e-04
  -1.938078e-04  -1.900254e-04  -1.863289e-04  -1.827160e-04  -1.791847e-04
  -1.757329e-04  -1.723584e-04  -1.690593e-04  -1.658337e-04  -1.626798e-04
  -1.595957e-04  -1.565796e-04  -1.536299e-04  -1.507448e-04  -1.479228e-04

  Cutoff dispersion energy:

  -2.937509e-04  -2.821424e-04  -2.708431e-04  -2.598435e-04  -2.491346e-04
  -2.387076e-04  -2.285541e-04  -2.186659e-04  -2.090351e-04  -1.996541e-04
  -1.905154e-04  -1.816120e-04  -1.729369e-04  -1.644835e-04  -1.562453e-04
  -1.482161e-04  -1.403898e-04  -1.327605e-04  -1.253227e-04  -1.180708e-04
  -1.109996e-04  -1.041039e-04  -9.737875e-05  -9.081935e-05  -8.507351e-05
  -7.980225e-05  -7.466097e-05  -6.964600e-05  -6.475382e-05  -5.998099e-05
  -5.532420e-05  -5.078023e-05  -4.634598e-05  -4.201843e-05  -3.779464e-05
  -3.367178e-05  -2.964712e-05  -2.571797e-05  -2.188177e-05  -1.813600e-05
  -1.447824e-05  -1.315308e-05  -1.185963e-05  -1.059703e-05  -9.364448e-06
  -8.161061e-06  -6.986086e-06  -5.838759e-06  -4.718338e-06  -3.624107e-06
  -2.555367e-06  -1.511443e-06  -4.916780e-07   0.000000e+00   0.000000e+00
   0.000000e+00   0.000000e+00   0.000000e+00   0.000000e+00   0.000000e+00


  Difference between cutoff and no cutoff dispersion energy:

   2.134204e-04   2.134204e-04   2.134204e-04   2.134204e-04   2.134204e-04
   2.134204e-04   2.134204e-04   2.134204e-04   2.134204e-04   2.134204e-04
   2.134204e-04   2.134204e-04   2.134204e-04   2.134204e-04   2.134204e-04
   2.134204e-04   2.134204e-04   2.134204e-04   2.134204e-04   2.134204e-04
   2.134204e-04   2.134204e-04   2.134204e-04   2.134204e-04   2.127680e-04
   2.117975e-04   2.108492e-04   2.099227e-04   2.090172e-04   2.081323e-04
   2.072674e-04   2.064220e-04   2.055956e-04   2.047877e-04   2.039979e-04
   2.032256e-04   2.024705e-04   2.017321e-04   2.010100e-04   2.003038e-04
   1.996130e-04   1.966904e-04   1.938342e-04   1.910426e-04   1.883140e-04
   1.856468e-04   1.830393e-04   1.804901e-04   1.779977e-04   1.755606e-04
   1.731775e-04   1.708469e-04   1.685676e-04   1.658337e-04   1.626798e-04
   1.595957e-04   1.565796e-04   1.536299e-04   1.507448e-04   1.479228e-04
