Energies without gradients:
system[....0]=     7.6144931941e-01    kcal/mol
Energies with gradients:
system[....0]=     7.6144931941e-01    kcal/mol

Atom             GradientX           GradientY           GradientZ
O        -3.9093808962e+01   -6.3152460748e+00    6.6956246860e-04
H         3.3418032085e+01    4.8742954215e+00   -5.5352199777e-04
H         5.6757768777e+00    1.4409506533e+00   -1.1604047083e-04
