Energies without gradients:
system[....0]=     3.4337616667e+04    kcal/mol
