Energies without gradients:
system[....0]=     1.7562277140e+01    kcal/mol
Energies with gradients:
system[....0]=     1.7562277140e+01    kcal/mol

Atom             GradientX           GradientY           GradientZ
O              6.79269e+00        -1.66083e+01         7.51186e+00
H              2.51578e+00        -3.46518e+00        -3.46412e+00
H             -2.37313e+01        -1.66179e+01        -2.94294e+00
O             -1.57582e+01         1.01209e+00        -8.09805e+00
H             -2.79323e+00         2.91713e+01         5.29549e-01
H             -4.78933e+00         1.94433e-02         3.31666e+00
O              1.10487e+01         1.43263e+01        -6.90159e+00
H              1.55763e+00         4.03898e+00         3.79925e+00
H              2.51572e+01        -1.18768e+01         6.24937e+00
