Energies without gradients:
system[....0]=     6.6956815192e+03    kcal/mol
Energies with gradients:
system[....0]=     6.6956815192e+03    kcal/mol
Energy:(nograd) 3227 milliseconds
Energy:(grad) 6297 milliseconds
1B:(nograd) 2 milliseconds
1B:(grad) 1 milliseconds
2B:(nograd) 304 milliseconds
2B:(grad) 608 milliseconds
3B:(nograd) 2721 milliseconds
3B:(grad) 5785 milliseconds
Get and set 2b clusters: 27 milliseconds
Get and set 3b clusters: 21 milliseconds
