Energies without gradients:
system[....0]=     5.0673100501e+05    kcal/mol
Energies with gradients:
system[....0]=     5.0673100501e+05    kcal/mol
Energy:(nograd) 338604 milliseconds
Energy:(grad) 657213 milliseconds
1B:(nograd) 220 milliseconds
1B:(grad) 230 milliseconds
2B:(nograd) 52548 milliseconds
2B:(grad) 95893 milliseconds
3B:(nograd) 282585 milliseconds
3B:(grad) 564997 milliseconds
Get and set 2b clusters: 5107 milliseconds
Get and set 3b clusters: 3286 milliseconds
