Energies without gradients:
system[....0]=     6.2048206296e+04    kcal/mol
Energies with gradients:
system[....0]=     6.2048206296e+04    kcal/mol
Energy:(nograd) 39842 milliseconds
Energy:(grad) 77450 milliseconds
1B:(nograd) 27 milliseconds
1B:(grad) 28 milliseconds
2B:(nograd) 5952 milliseconds
2B:(grad) 10981 milliseconds
3B:(nograd) 34629 milliseconds
3B:(grad) 66464 milliseconds
Get and set 2b clusters: 557 milliseconds
Get and set 3b clusters: 348 milliseconds
