Energies without gradients:
system[....0]=     1.6589772660e+03    kcal/mol
Energies with gradients:
system[....0]=     1.6589772660e+03    kcal/mol
Energy:(nograd) 675 milliseconds
Energy:(grad) 1353 milliseconds
1B:(nograd) 0 milliseconds
1B:(grad) 0 milliseconds
2B:(nograd) 65 milliseconds
2B:(grad) 136 milliseconds
3B:(nograd) 596 milliseconds
3B:(grad) 1104 milliseconds
Get and set 2b clusters: 3 milliseconds
Get and set 3b clusters: 3 milliseconds
