Energies without gradients:
system[....0]=     1.9690520092e+02    kcal/mol
Energies with gradients:
system[....0]=     1.9690520092e+02    kcal/mol
Energy:(nograd) 52 milliseconds
Energy:(grad) 84 milliseconds
1B:(nograd) 0 milliseconds
1B:(grad) 0 milliseconds
2B:(nograd) 4 milliseconds
2B:(grad) 9 milliseconds
3B:(nograd) 30 milliseconds
3B:(grad) 59 milliseconds
Get and set 2b clusters: 0 milliseconds
Get and set 3b clusters: 0 milliseconds
