Energies without gradients:
system[....0]=     1.5101333144e+04    kcal/mol
Energies with gradients:
system[....0]=     1.5101333144e+04    kcal/mol
Energy:(nograd) 9105 milliseconds
Energy:(grad) 17383 milliseconds
1B:(nograd) 6 milliseconds
1B:(grad) 7 milliseconds
2B:(nograd) 1318 milliseconds
2B:(grad) 2487 milliseconds
3B:(nograd) 7517 milliseconds
3B:(grad) 14908 milliseconds
Get and set 2b clusters: 113 milliseconds
Get and set 3b clusters: 72 milliseconds
