Energies without gradients:
system[....0]=     3.9698125880e+02    kcal/mol
Energies with gradients:
system[....0]=     3.9698125880e+02    kcal/mol
Energy:(nograd) 101 milliseconds
Energy:(grad) 202 milliseconds
1B:(nograd) 0 milliseconds
1B:(grad) 0 milliseconds
2B:(nograd) 11 milliseconds
2B:(grad) 23 milliseconds
3B:(nograd) 89 milliseconds
3B:(grad) 178 milliseconds
Get and set 2b clusters: 0 milliseconds
Get and set 3b clusters: 0 milliseconds
