Energies without gradients:
system[....0]=     2.5316566461e+05    kcal/mol
Energies with gradients:
system[....0]=     2.5316566461e+05    kcal/mol
Energy:(nograd) 164970 milliseconds
Energy:(grad) 324909 milliseconds
1B:(nograd) 111 milliseconds
1B:(grad) 116 milliseconds
2B:(nograd) 25135 milliseconds
2B:(grad) 47111 milliseconds
3B:(nograd) 137767 milliseconds
3B:(grad) 272289 milliseconds
Get and set 2b clusters: 2450 milliseconds
Get and set 3b clusters: 1501 milliseconds
